python : test_inter_wallet (unitt
est.loader._FailedTest.test_inter
_wallet) ... ERROR
At line:1 char:1
+ python manage.py test 
wallets.tests.test_inter_wallet 
-v 2 > test_out ...
+ ~~~~~~~~~~~~~~~~~~~~~~~~~~~~~~~
~~~~~~~~~~~~~~~~~~~~~~~~~~~~~~~~~
~~~~~
    + CategoryInfo          : No 
   tSpecified: (test_inter_wall  
  ...llet) ... ERROR:String) [   
 ], RemoteException
    + FullyQualifiedErrorId : Na 
   tiveCommandError
 

=================================
=================================
====
ERROR: test_inter_wallet (unittes
t.loader._FailedTest.test_inter_w
allet)
---------------------------------
---------------------------------
----
AttributeError: module 
'wallets.tests' has no attribute 
'test_inter_wallet'

---------------------------------
---------------------------------
----
Ran 1 test in 0.000s

FAILED (errors=1)
Found 1 test(s).
Skipping setup of unused database(s): default.
System check identified no issues (0 silenced).
